finp: ['../testdata/lih_jbvector_cubegrid10/jbx.csv; [x, y, z, bx_jx, bx_jy, bx_jz]; \\s+; 1', '../testdata/lih_jbvector_cubegrid10/jby.csv; [x, y, z, by_jx, by_jy, by_jz]; \\s+; 1', '../testdata/lih_jbvector_cubegrid10/jbz.csv; [x, y, z, bz_jx, bz_jy, bz_jz]; \\s+; 1']
fout: result.csv
fout_select: selected
flog: result.log
grid: [x, y, z]
inptest: True
form_tensor_2order_3d: [bx_jx, by_jx, bz_jx, bx_jy, by_jy, bz_jy, bx_jz, by_jz, bz_jz]
calc_from_tensor_2order_3d: ['deviator_anisotropy']
rortex_fill_empty: NULL
