--inptest=True
--finp=csv; ../testdata/lih_jbtensor_cubegrid10/data.csv; cols=[x, y, z, bx_jx, bx_jy, bx_jz, by_jx, by_jy, by_jz, bz_jx, bz_jy, bz_jz]; sep= ; skip=1
--grid=[x, y, z]
--form_tensor_1order_3d=[bz_jx, bz_jy, bz_jz]
--calc_from_tensor_1order_3d=mean
--fout=csv; jbz.csv; cols=[x, y, z, mean]
--fout_select=selected
--flog=result.log
